src/contexts/AuthContext.tsx(1,58): error TS1484: 'ReactNode' is a type and must be imported using a type-only import when 'verbatimModuleSyntax' is enabled.
src/contexts/AuthContext.tsx(2,10): error TS1484: 'User' is a type and must be imported using a type-only import when 'verbatimModuleSyntax' is enabled.
src/pages/dashboard/Messages.tsx(1,31): error TS6133: 'useRef' is declared but its value is never read.
src/pages/dashboard/Messages.tsx(5,18): error TS6133: 'Phone' is declared but its value is never read.
src/pages/dashboard/Messages.tsx(5,25): error TS6133: 'Video' is declared but its value is never read.
src/pages/dashboard/Messages.tsx(5,32): error TS6133: 'MoreVertical' is declared but its value is never read.
src/pages/dashboard/Profile.tsx(14,12): error TS6133: 'loading' is declared but its value is never read.
